2026-08-17 02:02:03,501 - INFO - Starting WeWork documentation crawler...
2026-08-17 02:02:03,501 - INFO - Extracting categories from https://developer.work.weixin.qq.com/document/path/90195
2026-08-17 02:02:05,409 - INFO - Found 4449 categories
2026-08-17 02:02:07,015 - INFO - Processing document: 简易教程 (ID: 14910)
2026-08-17 02:02:07,306 - INFO - Saved: docs/企业自建应用开发/快速入门/简易教程.mdx
2026-08-17 02:02:08,308 - INFO - Processing document: 概述 (ID: 10012)
2026-08-17 02:02:08,595 - INFO - Saved: docs/企业自建应用开发/快速入门/概述.mdx
2026-08-17 02:02:09,597 - INFO - Processing document: 概述 (ID: 10016)
2026-08-17 02:02:09,880 - INFO - Saved: docs/企业自建应用开发/服务端API/通讯录管理/概述.mdx
2026-08-17 02:02:10,882 - INFO - Processing document: 创建成员 (ID: 10018)
2026-08-17 02:02:11,188 - INFO - Saved: docs/企业自建应用开发/服务端API/通讯录管理/成员管理/创建成员.mdx
2026-08-17 02:02:12,190 - INFO - Processing document: 读取成员 (ID: 10019)
2026-08-17 02:02:12,487 - INFO - Saved: docs/企业自建应用开发/服务端API/通讯录管理/成员管理/读取成员.mdx
2026-08-17 02:02:13,489 - INFO - Processing document: 更新成员 (ID: 10020)
2026-08-17 02:02:13,797 - INFO - Saved: docs/企业自建应用开发/服务端API/通讯录管理/成员管理/更新成员.mdx
2026-08-17 02:02:14,799 - INFO - Processing document: 删除成员 (ID: 10030)
2026-08-17 02:02:15,096 - INFO - Saved: docs/企业自建应用开发/服务端API/通讯录管理/成员管理/删除成员.mdx
2026-08-17 02:02:16,097 - INFO - Processing document: 批量删除成员 (ID: 10060)
2026-08-17 02:02:16,387 - INFO - Saved: docs/企业自建应用开发/服务端API/通讯录管理/成员管理/批量删除成员.mdx
2026-08-17 02:02:17,389 - INFO - Processing document: 获取部门成员 (ID: 10061)
2026-08-17 02:02:17,674 - INFO - Saved: docs/企业自建应用开发/服务端API/通讯录管理/成员管理/获取部门成员.mdx
2026-08-17 02:02:18,675 - INFO - Processing document: 获取部门成员详情 (ID: 10063)
2026-08-17 02:02:18,981 - INFO - Saved: docs/企业自建应用开发/服务端API/通讯录管理/成员管理/获取部门成员详情.mdx
2026-08-17 02:02:19,982 - INFO - Processing document: userid与openid互换 (ID: 11279)
2026-08-17 02:02:20,276 - INFO - Saved: docs/企业自建应用开发/服务端API/通讯录管理/成员管理/userid与openid互换.mdx
2026-08-17 02:02:21,277 - INFO - Processing document: 登录二次验证 (ID: 11378)
2026-08-17 02:02:21,574 - INFO - Saved: docs/企业自建应用开发/服务端API/通讯录管理/成员管理/登录二次验证.mdx
2026-08-17 02:02:22,575 - INFO - Processing document: 邀请成员 (ID: 12543)
2026-08-17 02:02:22,872 - INFO - Saved: docs/企业自建应用开发/服务端API/通讯录管理/成员管理/邀请成员.mdx
2026-08-17 02:02:23,874 - INFO - Processing document: 获取加入企业二维码 (ID: 16888)
2026-08-17 02:02:24,162 - INFO - Saved: docs/企业自建应用开发/服务端API/通讯录管理/成员管理/获取加入企业二维码.mdx
2026-08-17 02:02:25,163 - INFO - Processing document: 手机号获取userid (ID: 16820)
2026-08-17 02:02:25,436 - INFO - Saved: docs/企业自建应用开发/服务端API/通讯录管理/成员管理/手机号获取userid.mdx
2026-08-17 02:02:26,437 - INFO - Processing document: 邮箱获取userid (ID: 39794)
2026-08-17 02:02:26,732 - INFO - Saved: docs/企业自建应用开发/服务端API/通讯录管理/成员管理/邮箱获取userid.mdx
2026-08-17 02:02:27,733 - INFO - Processing document: 获取成员ID列表 (ID: 40856)
2026-08-17 02:02:28,021 - INFO - Saved: docs/企业自建应用开发/服务端API/通讯录管理/成员管理/获取成员ID列表.mdx
2026-08-17 02:02:29,023 - INFO - Processing document: 成员扩展属性 (ID: 54430)
2026-08-17 02:02:29,305 - INFO - Saved: docs/企业自建应用开发/服务端API/通讯录管理/成员管理/成员扩展属性.mdx
2026-08-17 02:02:30,307 - INFO - Processing document: 创建部门 (ID: 10076)
2026-08-17 02:02:30,593 - INFO - Saved: docs/企业自建应用开发/服务端API/通讯录管理/部门管理/创建部门.mdx
2026-08-17 02:02:31,594 - INFO - Processing document: 更新部门 (ID: 10077)
2026-08-17 02:02:31,879 - INFO - Saved: docs/企业自建应用开发/服务端API/通讯录管理/部门管理/更新部门.mdx
2026-08-17 02:02:32,880 - INFO - Processing document: 删除部门 (ID: 10079)
2026-08-17 02:02:33,160 - INFO - Saved: docs/企业自建应用开发/服务端API/通讯录管理/部门管理/删除部门.mdx
2026-08-17 02:02:34,162 - INFO - Processing document: 获取部门列表 (ID: 10093)
2026-08-17 02:02:34,448 - INFO - Saved: docs/企业自建应用开发/服务端API/通讯录管理/部门管理/获取部门列表.mdx
2026-08-17 02:02:35,449 - INFO - Processing document: 获取子部门ID列表 (ID: 36259)
2026-08-17 02:02:35,745 - INFO - Saved: docs/企业自建应用开发/服务端API/通讯录管理/部门管理/获取子部门ID列表.mdx
2026-08-17 02:02:36,745 - INFO - Processing document: 获取单个部门详情 (ID: 36260)
2026-08-17 02:02:37,029 - INFO - Saved: docs/企业自建应用开发/服务端API/通讯录管理/部门管理/获取单个部门详情.mdx
2026-08-17 02:02:38,031 - INFO - Processing document: 创建标签 (ID: 10915)
2026-08-17 02:02:38,317 - INFO - Saved: docs/企业自建应用开发/服务端API/通讯录管理/标签管理/创建标签.mdx
2026-08-17 02:02:39,318 - INFO - Processing document: 更新标签名字 (ID: 10919)
2026-08-17 02:02:39,598 - INFO - Saved: docs/企业自建应用开发/服务端API/通讯录管理/标签管理/更新标签名字.mdx
2026-08-17 02:02:40,600 - INFO - Processing document: 删除标签 (ID: 10920)
2026-08-17 02:02:40,916 - INFO - Saved: docs/企业自建应用开发/服务端API/通讯录管理/标签管理/删除标签.mdx
2026-08-17 02:02:41,917 - INFO - Processing document: 获取标签成员 (ID: 10921)
2026-08-17 02:02:42,208 - INFO - Saved: docs/企业自建应用开发/服务端API/通讯录管理/标签管理/获取标签成员.mdx
2026-08-17 02:02:43,210 - INFO - Processing document: 增加标签成员 (ID: 10923)
2026-08-17 02:02:43,498 - INFO - Saved: docs/企业自建应用开发/服务端API/通讯录管理/标签管理/增加标签成员.mdx
2026-08-17 02:02:44,499 - INFO - Processing document: 删除标签成员 (ID: 10925)
2026-08-17 02:02:44,786 - INFO - Saved: docs/企业自建应用开发/服务端API/通讯录管理/标签管理/删除标签成员.mdx
2026-08-17 02:02:45,788 - INFO - Processing document: 获取标签列表 (ID: 10926)
2026-08-17 02:02:46,084 - INFO - Saved: docs/企业自建应用开发/服务端API/通讯录管理/标签管理/获取标签列表.mdx
2026-08-17 02:02:47,085 - INFO - Processing document: 概述 (ID: 15002)
2026-08-17 02:02:47,370 - INFO - Saved: docs/企业自建应用开发/服务端API/通讯录管理/通讯录回调通知/概述.mdx
2026-08-17 02:02:48,372 - INFO - Processing document: 成员变更通知 (ID: 15004)
2026-08-17 02:02:48,675 - INFO - Saved: docs/企业自建应用开发/服务端API/通讯录管理/通讯录回调通知/成员变更通知.mdx
2026-08-17 02:02:49,676 - INFO - Processing document: 部门变更通知 (ID: 15005)
2026-08-17 02:02:49,963 - INFO - Saved: docs/企业自建应用开发/服务端API/通讯录管理/通讯录回调通知/部门变更通知.mdx
2026-08-17 02:02:50,964 - INFO - Processing document: 标签变更通知 (ID: 15006)
2026-08-17 02:02:51,251 - INFO - Saved: docs/企业自建应用开发/服务端API/通讯录管理/通讯录回调通知/标签变更通知.mdx
2026-08-17 02:02:52,252 - INFO - Processing document: 异步任务完成通知 (ID: 15011)
2026-08-17 02:02:52,532 - INFO - Saved: docs/企业自建应用开发/服务端API/通讯录管理/通讯录回调通知/异步任务完成通知.mdx
2026-08-17 02:02:53,533 - INFO - Processing document: 概述 (ID: 15013)
2026-08-17 02:02:53,825 - INFO - Saved: docs/企业自建应用开发/服务端API/通讯录管理/异步导入接口/概述.mdx
2026-08-17 02:02:54,826 - INFO - Processing document: 增量更新成员 (ID: 15014)
2026-08-17 02:02:55,101 - INFO - Saved: docs/企业自建应用开发/服务端API/通讯录管理/异步导入接口/增量更新成员.mdx
2026-08-17 02:02:56,103 - INFO - Processing document: 全量覆盖成员 (ID: 15015)
2026-08-17 02:02:56,392 - INFO - Saved: docs/企业自建应用开发/服务端API/通讯录管理/异步导入接口/全量覆盖成员.mdx
2026-08-17 02:02:57,393 - INFO - Processing document: 全量覆盖部门 (ID: 15016)
2026-08-17 02:02:57,681 - INFO - Saved: docs/企业自建应用开发/服务端API/通讯录管理/异步导入接口/全量覆盖部门.mdx
2026-08-17 02:02:58,682 - INFO - Processing document: 获取异步任务结果 (ID: 15017)
2026-08-17 02:02:58,972 - INFO - Saved: docs/企业自建应用开发/服务端API/通讯录管理/异步导入接口/获取异步任务结果.mdx
2026-08-17 02:02:59,973 - INFO - Processing document: 导出成员 (ID: 31876)
2026-08-17 02:03:00,264 - INFO - Saved: docs/企业自建应用开发/服务端API/通讯录管理/异步导出接口/导出成员.mdx
2026-08-17 02:03:01,265 - INFO - Processing document: 概述 (ID: 31877)
2026-08-17 02:03:01,552 - INFO - Saved: docs/企业自建应用开发/服务端API/通讯录管理/异步导出接口/概述.mdx
2026-08-17 02:03:02,553 - INFO - Processing document: 导出成员详情 (ID: 31880)
2026-08-17 02:03:02,846 - INFO - Saved: docs/企业自建应用开发/服务端API/通讯录管理/异步导出接口/导出成员详情.mdx
2026-08-17 02:03:03,847 - INFO - Processing document: 导出部门 (ID: 31882)
2026-08-17 02:03:04,137 - INFO - Saved: docs/企业自建应用开发/服务端API/通讯录管理/异步导出接口/导出部门.mdx
2026-08-17 02:03:05,138 - INFO - Processing document: 导出标签成员 (ID: 31883)
2026-08-17 02:03:05,424 - INFO - Saved: docs/企业自建应用开发/服务端API/通讯录管理/异步导出接口/导出标签成员.mdx
2026-08-17 02:03:06,425 - INFO - Processing document: 获取导出结果 (ID: 31884)
2026-08-17 02:03:06,726 - INFO - Saved: docs/企业自建应用开发/服务端API/通讯录管理/异步导出接口/获取导出结果.mdx
2026-08-17 02:03:07,726 - INFO - Processing document: 导出任务完成通知 (ID: 34052)
2026-08-17 02:03:08,019 - INFO - Saved: docs/企业自建应用开发/服务端API/通讯录管理/异步导出接口/导出任务完成通知.mdx
2026-08-17 02:03:09,021 - INFO - Processing document: 通讯录同步接口调整 (ID: 40802)
2026-08-17 02:03:09,315 - INFO - Saved: docs/企业自建应用开发/服务端API/通讯录管理/通讯录同步接口调整.mdx
2026-08-17 02:03:10,316 - INFO - Processing document: 创建规则 (ID: 61404)
2026-08-17 02:03:10,614 - INFO - Saved: docs/企业自建应用开发/服务端API/通讯录管理/通讯录查看权限管理/创建规则.mdx
2026-08-17 02:03:11,615 - INFO - Processing document: 读取规则列表 (ID: 61405)
2026-08-17 02:03:11,906 - INFO - Saved: docs/企业自建应用开发/服务端API/通讯录管理/通讯录查看权限管理/读取规则列表.mdx
2026-08-17 02:03:12,908 - INFO - Processing document: 修改规则 (ID: 61407)
2026-08-17 02:03:13,206 - INFO - Saved: docs/企业自建应用开发/服务端API/通讯录管理/通讯录查看权限管理/修改规则.mdx
2026-08-17 02:03:14,208 - INFO - Processing document: 删除规则 (ID: 61408)
2026-08-17 02:03:14,491 - INFO - Saved: docs/企业自建应用开发/服务端API/通讯录管理/通讯录查看权限管理/删除规则.mdx
2026-08-17 02:03:15,492 - INFO - Processing document: 概述 (ID: 10025)
2026-08-17 02:03:15,792 - INFO - Saved: docs/企业自建应用开发/服务端API/应用管理/概述.mdx
2026-08-17 02:03:16,793 - INFO - Processing document: 获取应用 (ID: 10087)
2026-08-17 02:03:17,097 - INFO - Saved: docs/企业自建应用开发/服务端API/应用管理/获取应用.mdx
2026-08-17 02:03:18,098 - INFO - Processing document: 设置应用 (ID: 10088)
2026-08-17 02:03:18,382 - INFO - Saved: docs/企业自建应用开发/服务端API/应用管理/设置应用.mdx
2026-08-17 02:03:19,383 - INFO - Processing document: 创建菜单 (ID: 10786)
2026-08-17 02:03:19,676 - INFO - Saved: docs/企业自建应用开发/服务端API/应用管理/自定义菜单/创建菜单.mdx
2026-08-17 02:03:20,677 - INFO - Processing document: 获取菜单 (ID: 10787)
2026-08-17 02:03:20,957 - INFO - Saved: docs/企业自建应用开发/服务端API/应用管理/自定义菜单/获取菜单.mdx
2026-08-17 02:03:21,959 - INFO - Processing document: 删除菜单 (ID: 10788)
2026-08-17 02:03:22,256 - INFO - Saved: docs/企业自建应用开发/服务端API/应用管理/自定义菜单/删除菜单.mdx
2026-08-17 02:03:23,257 - INFO - Processing document: 设置工作台自定义展示 (ID: 20102)
2026-08-17 02:03:23,759 - INFO - Saved: docs/企业自建应用开发/服务端API/应用管理/设置工作台自定义展示.mdx
2026-08-17 02:03:24,760 - INFO - Processing document: 概述 (ID: 12739)
2026-08-17 02:03:25,044 - INFO - Saved: docs/企业自建应用开发/服务端API/消息接收与发送/概述.mdx
2026-08-17 02:03:26,045 - INFO - Processing document: 发送应用消息 (ID: 10167)
2026-08-17 02:03:26,806 - INFO - Saved: docs/企业自建应用开发/服务端API/消息接收与发送/发送应用消息.mdx
2026-08-17 02:03:27,807 - INFO - Processing document: 概述 (ID: 12977)
2026-08-17 02:03:28,102 - INFO - Saved: docs/企业自建应用开发/服务端API/消息接收与发送/接收消息与事件/概述.mdx
2026-08-17 02:03:29,104 - INFO - Processing document: 消息格式 (ID: 12973)
2026-08-17 02:03:29,408 - INFO - Saved: docs/企业自建应用开发/服务端API/消息接收与发送/接收消息与事件/消息格式.mdx
2026-08-17 02:03:30,410 - INFO - Processing document: 事件格式 (ID: 12974)
2026-08-17 02:03:30,955 - INFO - Saved: docs/企业自建应用开发/服务端API/消息接收与发送/接收消息与事件/事件格式.mdx
2026-08-17 02:03:31,956 - INFO - Processing document: 被动回复消息格式 (ID: 12975)
2026-08-17 02:03:32,489 - INFO - Saved: docs/企业自建应用开发/服务端API/消息接收与发送/接收消息与事件/被动回复消息格式.mdx
2026-08-17 02:03:33,491 - INFO - Processing document: 概述 (ID: 13308)
2026-08-17 02:03:33,772 - INFO - Saved: docs/企业自建应用开发/服务端API/消息接收与发送/应用发送消息到群聊会话/概述.mdx
2026-08-17 02:03:34,773 - INFO - Processing document: 创建群聊会话 (ID: 13288)
2026-08-17 02:03:35,071 - INFO - Saved: docs/企业自建应用开发/服务端API/消息接收与发送/应用发送消息到群聊会话/创建群聊会话.mdx
2026-08-17 02:03:36,073 - INFO - Processing document: 应用推送消息 (ID: 13294)
2026-08-17 02:03:36,378 - INFO - Saved: docs/企业自建应用开发/服务端API/消息接收与发送/应用发送消息到群聊会话/应用推送消息.mdx
2026-08-17 02:03:37,379 - INFO - Processing document: 修改群聊会话 (ID: 13292)
2026-08-17 02:03:37,662 - INFO - Saved: docs/企业自建应用开发/服务端API/消息接收与发送/应用发送消息到群聊会话/修改群聊会话.mdx
2026-08-17 02:03:38,664 - INFO - Processing document: 获取群聊会话 (ID: 13293)
2026-08-17 02:03:38,944 - INFO - Saved: docs/企业自建应用开发/服务端API/消息接收与发送/应用发送消息到群聊会话/获取群聊会话.mdx
2026-08-17 02:03:39,946 - INFO - Processing document: 发送「学校通知」 (ID: 16504)
2026-08-17 02:03:40,449 - INFO - Saved: docs/企业自建应用开发/服务端API/消息接收与发送/家校消息推送/发送「学校通知」.mdx
2026-08-17 02:03:41,450 - INFO - Processing document: 撤回应用消息 (ID: 31947)
2026-08-17 02:03:41,736 - INFO - Saved: docs/企业自建应用开发/服务端API/消息接收与发送/撤回应用消息.mdx
2026-08-17 02:03:42,737 - INFO - Processing document: 更新模版卡片消息 (ID: 32086)
2026-08-17 02:03:43,268 - INFO - Saved: docs/企业自建应用开发/服务端API/消息接收与发送/更新模版卡片消息.mdx
2026-08-17 02:03:44,270 - INFO - Processing document: 消息推送配置说明 (ID: 14404)
2026-08-17 02:03:44,791 - INFO - Saved: docs/企业自建应用开发/服务端API/消息接收与发送/消息推送（原“群机器人”）/消息推送配置说明.mdx
2026-08-17 02:03:45,792 - INFO - Processing document: 接收消息 (ID: 57141)
2026-08-17 02:03:46,091 - INFO - Saved: docs/企业自建应用开发/服务端API/消息接收与发送/智能机器人/接收消息.mdx
2026-08-17 02:03:47,093 - INFO - Processing document: 接收事件 (ID: 59058)
2026-08-17 02:03:47,401 - INFO - Saved: docs/企业自建应用开发/服务端API/消息接收与发送/智能机器人/接收事件.mdx
2026-08-17 02:03:48,402 - INFO - Processing document: 被动回复消息 (ID: 59068)
2026-08-17 02:03:48,706 - INFO - Saved: docs/企业自建应用开发/服务端API/消息接收与发送/智能机器人/被动回复消息.mdx
2026-08-17 02:03:49,707 - INFO - Processing document: 模板卡片类型 (ID: 59098)
2026-08-17 02:03:50,219 - INFO - Saved: docs/企业自建应用开发/服务端API/消息接收与发送/智能机器人/模板卡片类型.mdx
2026-08-17 02:03:51,220 - INFO - Processing document: 回调和回复的加解密方案 (ID: 59137)
2026-08-17 02:03:51,509 - INFO - Saved: docs/企业自建应用开发/服务端API/消息接收与发送/智能机器人/回调和回复的加解密方案.mdx
2026-08-17 02:03:52,511 - INFO - Processing document: 概述 (ID: 59174)
2026-08-17 02:03:52,798 - INFO - Saved: docs/企业自建应用开发/服务端API/消息接收与发送/智能机器人/概述.mdx
2026-08-17 02:03:53,800 - INFO - Processing document: 主动回复消息 (ID: 59947)
2026-08-17 02:03:54,093 - INFO - Saved: docs/企业自建应用开发/服务端API/消息接收与发送/智能机器人/主动回复消息.mdx
2026-08-17 02:03:55,095 - INFO - Processing document: 智能机器人长连接 (ID: 60904)
2026-08-17 02:03:55,841 - INFO - Saved: docs/企业自建应用开发/服务端API/消息接收与发送/智能机器人/智能机器人长连接.mdx
2026-08-17 02:03:56,842 - INFO - Processing document: API模式机器人文档使用说明 (ID: 60967)
2026-08-17 02:03:57,358 - INFO - Saved: docs/企业自建应用开发/服务端API/消息接收与发送/智能机器人/API模式机器人文档使用说明.mdx
2026-08-17 02:03:58,360 - INFO - Processing document: 获取群聊列表 (ID: 58887)
2026-08-17 02:03:58,651 - INFO - Saved: docs/企业自建应用开发/服务端API/消息接收与发送/智能表格自动化创建的群聊/获取群聊列表.mdx
2026-08-17 02:03:59,653 - INFO - Processing document: 获取群聊会话 (ID: 59062)
2026-08-17 02:03:59,949 - INFO - Saved: docs/企业自建应用开发/服务端API/消息接收与发送/智能表格自动化创建的群聊/获取群聊会话.mdx
2026-08-17 02:04:00,950 - INFO - Processing document: 修改群聊会话 (ID: 59063)
2026-08-17 02:04:01,233 - INFO - Saved: docs/企业自建应用开发/服务端API/消息接收与发送/智能表格自动化创建的群聊/修改群聊会话.mdx
2026-08-17 02:04:02,235 - INFO - Processing document: 上传临时素材 (ID: 10112)
2026-08-17 02:04:02,525 - INFO - Saved: docs/企业自建应用开发/服务端API/素材管理/上传临时素材.mdx
2026-08-17 02:04:03,526 - INFO - Processing document: 获取临时素材 (ID: 10115)
2026-08-17 02:04:03,817 - INFO - Saved: docs/企业自建应用开发/服务端API/素材管理/获取临时素材.mdx
2026-08-17 02:04:04,818 - INFO - Processing document: 获取高清语音素材 (ID: 12250)
2026-08-17 02:04:05,106 - INFO - Saved: docs/企业自建应用开发/服务端API/素材管理/获取高清语音素材.mdx
2026-08-17 02:04:06,107 - INFO - Processing document: 上传图片 (ID: 13219)
2026-08-17 02:04:06,393 - INFO - Saved: docs/企业自建应用开发/服务端API/素材管理/上传图片.mdx
2026-08-17 02:04:07,394 - INFO - Processing document: 概述 (ID: 15104)
2026-08-17 02:04:07,691 - INFO - Saved: docs/企业自建应用开发/服务端API/素材管理/概述.mdx
2026-08-17 02:04:08,693 - INFO - Processing document: 异步上传临时素材 (ID: 42044)
2026-08-17 02:04:08,979 - INFO - Saved: docs/企业自建应用开发/服务端API/素材管理/异步上传临时素材.mdx
2026-08-17 02:04:09,980 - INFO - Processing document: 构造网页授权链接 (ID: 15048)
2026-08-17 02:04:10,270 - INFO - Saved: docs/企业自建应用开发/服务端API/身份验证/网页授权登录/构造网页授权链接.mdx
2026-08-17 02:04:11,272 - INFO - Processing document: 获取访问用户身份 (ID: 15047)
2026-08-17 02:04:11,569 - INFO - Saved: docs/企业自建应用开发/服务端API/身份验证/网页授权登录/获取访问用户身份.mdx
2026-08-17 02:04:12,571 - INFO - Processing document: 开始开发 (ID: 15232)
2026-08-17 02:04:12,866 - INFO - Saved: docs/企业自建应用开发/服务端API/身份验证/网页授权登录/开始开发.mdx
2026-08-17 02:04:13,867 - INFO - Processing document: 获取访问用户敏感信息 (ID: 39323)
2026-08-17 02:04:14,171 - INFO - Saved: docs/企业自建应用开发/服务端API/身份验证/网页授权登录/获取访问用户敏感信息.mdx
2026-08-17 02:04:15,173 - INFO - Processing document: 开始开发 (ID: 45751)
2026-08-17 02:04:15,684 - INFO - Saved: docs/企业自建应用开发/服务端API/身份验证/企业微信Web登录/开始开发.mdx
2026-08-17 02:04:16,686 - INFO - Processing document: Web登录组件 (ID: 45752)
2026-08-17 02:04:16,980 - INFO - Saved: docs/企业自建应用开发/服务端API/身份验证/企业微信Web登录/Web登录组件.mdx
2026-08-17 02:04:17,981 - INFO - Processing document: 获取用户登录身份 (ID: 45858)
2026-08-17 02:04:19,140 - INFO - Saved: docs/企业自建应用开发/服务端API/身份验证/企业微信Web登录/获取用户登录身份.mdx
2026-08-17 02:04:20,142 - INFO - Processing document: 获取用户二次验证信息 (ID: 50693)
2026-08-17 02:04:20,423 - INFO - Saved: docs/企业自建应用开发/服务端API/身份验证/二次验证/获取用户二次验证信息.mdx
2026-08-17 02:04:21,424 - INFO - Processing document: 使用二次验证 (ID: 50695)
2026-08-17 02:04:21,715 - INFO - Saved: docs/企业自建应用开发/服务端API/身份验证/二次验证/使用二次验证.mdx
2026-08-17 02:04:22,716 - INFO - Processing document: 概述 (ID: 50769)
2026-08-17 02:04:23,003 - INFO - Saved: docs/企业自建应用开发/服务端API/身份验证/二次验证/概述.mdx
2026-08-17 02:04:24,004 - INFO - Processing document: 登录二次验证 (ID: 11378)
2026-08-17 02:04:24,301 - INFO - Saved: docs/企业自建应用开发/服务端API/身份验证/二次验证/登录二次验证.mdx
2026-08-17 02:04:25,302 - INFO - Processing document: 获取打卡记录数据 (ID: 14630)
2026-08-17 02:04:25,602 - INFO - Saved: docs/企业自建应用开发/服务端API/打卡/获取打卡记录数据.mdx
2026-08-17 02:04:26,603 - INFO - Processing document: 获取员工打卡规则 (ID: 14631)
2026-08-17 02:04:27,097 - INFO - Saved: docs/企业自建应用开发/服务端API/打卡/获取员工打卡规则.mdx
2026-08-17 02:04:28,099 - INFO - Processing document: 获取打卡日报数据 (ID: 25689)
2026-08-17 02:04:28,399 - INFO - Saved: docs/企业自建应用开发/服务端API/打卡/获取打卡日报数据.mdx
2026-08-17 02:04:29,400 - INFO - Processing document: 录入打卡人员人脸信息 (ID: 25718)
2026-08-17 02:04:29,691 - INFO - Saved: docs/企业自建应用开发/服务端API/打卡/录入打卡人员人脸信息.mdx
2026-08-17 02:04:30,692 - INFO - Processing document: 获取打卡人员排班信息 (ID: 25721)
2026-08-17 02:04:30,983 - INFO - Saved: docs/企业自建应用开发/服务端API/打卡/获取打卡人员排班信息.mdx
2026-08-17 02:04:31,984 - INFO - Processing document: 获取企业所有打卡规则 (ID: 25765)
2026-08-17 02:04:32,500 - INFO - Saved: docs/企业自建应用开发/服务端API/打卡/获取企业所有打卡规则.mdx
2026-08-17 02:04:33,501 - INFO - Processing document: 为打卡人员排班 (ID: 25766)
2026-08-17 02:04:33,782 - INFO - Saved: docs/企业自建应用开发/服务端API/打卡/为打卡人员排班.mdx
2026-08-17 02:04:34,784 - INFO - Processing document: 获取打卡月报数据 (ID: 25798)
2026-08-17 02:04:35,070 - INFO - Saved: docs/企业自建应用开发/服务端API/打卡/获取打卡月报数据.mdx
2026-08-17 02:04:36,072 - INFO - Processing document: 获取设备打卡数据 (ID: 16213)
2026-08-17 02:04:36,365 - INFO - Saved: docs/企业自建应用开发/服务端API/打卡/获取设备打卡数据.mdx
2026-08-17 02:04:37,366 - INFO - Processing document: 为打卡人员补卡 (ID: 39157)
2026-08-17 02:04:37,650 - INFO - Saved: docs/企业自建应用开发/服务端API/打卡/为打卡人员补卡.mdx
2026-08-17 02:04:38,651 - INFO - Processing document: 管理打卡规则 (ID: 44995)
2026-08-17 02:04:39,172 - INFO - Saved: docs/企业自建应用开发/服务端API/打卡/管理打卡规则.mdx
2026-08-17 02:04:40,173 - INFO - Processing document: 添加打卡记录 (ID: 52613)
2026-08-17 02:04:40,461 - INFO - Saved: docs/企业自建应用开发/服务端API/打卡/添加打卡记录.mdx
2026-08-17 02:04:41,462 - INFO - Processing document: 审批流程引擎 (ID: 14584)
2026-08-17 02:04:41,964 - INFO - Saved: docs/企业自建应用开发/服务端API/审批/审批流程引擎.mdx
2026-08-17 02:04:42,965 - INFO - Processing document: 获取审批数据（旧） (ID: 11228)
2026-08-17 02:04:43,261 - INFO - Saved: docs/企业自建应用开发/服务端API/审批/获取审批数据（旧）.mdx
2026-08-17 02:04:44,262 - INFO - Processing document: 审批申请状态变化回调通知 (ID: 17675)
2026-08-17 02:04:44,565 - INFO - Saved: docs/企业自建应用开发/服务端API/审批/审批申请状态变化回调通知.mdx
2026-08-17 02:04:45,567 - INFO - Processing document: 批量获取审批单号 (ID: 17676)
2026-08-17 02:04:45,854 - INFO - Saved: docs/企业自建应用开发/服务端API/审批/批量获取审批单号.mdx
2026-08-17 02:04:46,855 - INFO - Processing document: 提交审批申请 (ID: 17891)
2026-08-17 02:04:47,357 - INFO - Saved: docs/企业自建应用开发/服务端API/审批/提交审批申请.mdx
2026-08-17 02:04:48,358 - INFO - Processing document: 概述 (ID: 17893)
2026-08-17 02:04:48,651 - INFO - Saved: docs/企业自建应用开发/服务端API/审批/概述.mdx
2026-08-17 02:04:49,652 - INFO - Processing document: 获取审批模板详情 (ID: 18596)
2026-08-17 02:04:49,974 - INFO - Saved: docs/企业自建应用开发/服务端API/审批/获取审批模板详情.mdx
2026-08-17 02:04:50,976 - INFO - Processing document: 获取审批申请详情 (ID: 18615)
2026-08-17 02:04:51,499 - INFO - Saved: docs/企业自建应用开发/服务端API/审批/获取审批申请详情.mdx
2026-08-17 02:04:52,501 - INFO - Processing document: 获取企业假期管理配置 (ID: 25690)
2026-08-17 02:04:52,788 - INFO - Saved: docs/企业自建应用开发/服务端API/审批/获取企业假期管理配置.mdx
2026-08-17 02:04:53,790 - INFO - Processing document: 获取成员假期余额 (ID: 25691)
2026-08-17 02:04:54,077 - INFO - Saved: docs/企业自建应用开发/服务端API/审批/获取成员假期余额.mdx
2026-08-17 02:04:55,078 - INFO - Processing document: 修改成员假期余额 (ID: 25692)
2026-08-17 02:04:55,363 - INFO - Saved: docs/企业自建应用开发/服务端API/审批/修改成员假期余额.mdx
2026-08-17 02:04:56,364 - INFO - Processing document: 创建审批模板 (ID: 43910)
2026-08-17 02:04:56,884 - INFO - Saved: docs/企业自建应用开发/服务端API/审批/创建审批模板.mdx
2026-08-17 02:04:57,886 - INFO - Processing document: 更新审批模板 (ID: 43911)
2026-08-17 02:04:58,195 - INFO - Saved: docs/企业自建应用开发/服务端API/审批/更新审批模板.mdx
2026-08-17 02:04:59,196 - INFO - Processing document: 概述 (ID: 11478)
2026-08-17 02:04:59,478 - INFO - Saved: docs/企业自建应用开发/服务端API/企业支付/概述.mdx
2026-08-17 02:05:00,479 - INFO - Processing document: 发放企业红包 (ID: 11543)
2026-08-17 02:05:00,986 - INFO - Saved: docs/企业自建应用开发/服务端API/企业支付/企业红包/发放企业红包.mdx
2026-08-17 02:05:01,988 - INFO - Processing document: 查询红包记录 (ID: 11544)
2026-08-17 02:05:02,292 - INFO - Saved: docs/企业自建应用开发/服务端API/企业支付/企业红包/查询红包记录.mdx
2026-08-17 02:05:03,293 - INFO - Processing document: 向员工付款 (ID: 11545)
2026-08-17 02:05:03,588 - INFO - Saved: docs/企业自建应用开发/服务端API/企业支付/向员工付款/向员工付款.mdx
2026-08-17 02:05:04,589 - INFO - Processing document: 查询付款记录 (ID: 11546)
2026-08-17 02:05:04,885 - INFO - Saved: docs/企业自建应用开发/服务端API/企业支付/向员工付款/查询付款记录.mdx
2026-08-17 02:05:05,887 - INFO - Processing document: 向员工收款 (ID: 11438)
2026-08-17 02:05:06,173 - INFO - Saved: docs/企业自建应用开发/服务端API/企业支付/向员工收款.mdx
2026-08-17 02:05:07,175 - INFO - Processing document: 签名算法 (ID: 11652)
2026-08-17 02:05:07,472 - INFO - Saved: docs/企业自建应用开发/服务端API/企业支付/签名算法.mdx
2026-08-17 02:05:08,473 - INFO - Processing document: 概述 (ID: 24952)
2026-08-17 02:05:08,769 - INFO - Saved: docs/企业自建应用开发/服务端API/企业支付/对外收款/概述.mdx
2026-08-17 02:05:09,770 - INFO - Processing document: 收款商户号管理 (ID: 24953)
2026-08-17 02:05:10,067 - INFO - Saved: docs/企业自建应用开发/服务端API/企业支付/对外收款/收款商户号管理.mdx
2026-08-17 02:05:11,068 - INFO - Processing document: 获取对外收款记录 (ID: 24937)
2026-08-17 02:05:11,368 - INFO - Saved: docs/企业自建应用开发/服务端API/企业支付/对外收款/获取对外收款记录.mdx
2026-08-17 02:05:12,370 - INFO - Processing document: 获取收款项目的商户单号 (ID: 39973)
2026-08-17 02:05:12,663 - INFO - Saved: docs/企业自建应用开发/服务端API/企业支付/对外收款/获取收款项目的商户单号.mdx
2026-08-17 02:05:13,664 - INFO - Processing document: 获取资金流水 (ID: 45410)
2026-08-17 02:05:13,957 - INFO - Saved: docs/企业自建应用开发/服务端API/企业支付/对外收款/获取资金流水.mdx
2026-08-17 02:05:14,959 - INFO - Processing document: 提交图片 (ID: 47982)
2026-08-17 02:05:15,257 - INFO - Saved: docs/企业自建应用开发/服务端API/企业支付/创建对外收款账户/提交图片.mdx
2026-08-17 02:05:16,259 - INFO - Processing document: 提交创建对外收款账户的申请单 (ID: 47983)
2026-08-17 02:05:16,769 - INFO - Saved: docs/企业自建应用开发/服务端API/企业支付/创建对外收款账户/提交创建对外收款账户的申请单.mdx
2026-08-17 02:05:17,770 - INFO - Processing document: 查询申请单状态 (ID: 47984)
2026-08-17 02:05:18,060 - INFO - Saved: docs/企业自建应用开发/服务端API/企业支付/创建对外收款账户/查询申请单状态.mdx
2026-08-17 02:05:19,062 - INFO - Processing document: 概述 (ID: 11630)
2026-08-17 02:05:19,348 - INFO - Saved: docs/企业自建应用开发/服务端API/电子发票/概述.mdx
2026-08-17 02:05:20,349 - INFO - Processing document: 查询电子发票 (ID: 11631)
2026-08-17 02:05:20,635 - INFO - Saved: docs/企业自建应用开发/服务端API/电子发票/查询电子发票.mdx
2026-08-17 02:05:21,637 - INFO - Processing document: 更新发票状态 (ID: 11633)
2026-08-17 02:05:21,921 - INFO - Saved: docs/企业自建应用开发/服务端API/电子发票/更新发票状态.mdx
2026-08-17 02:05:22,923 - INFO - Processing document: 批量更新发票状态 (ID: 11634)
2026-08-17 02:05:23,208 - INFO - Saved: docs/企业自建应用开发/服务端API/电子发票/批量更新发票状态.mdx
2026-08-17 02:05:24,210 - INFO - Processing document: 批量查询电子发票 (ID: 11974)
2026-08-17 02:05:24,499 - INFO - Saved: docs/企业自建应用开发/服务端API/电子发票/批量查询电子发票.mdx
2026-08-17 02:05:25,501 - INFO - Processing document: 开发前必读 (ID: 14952)
2026-08-17 02:05:25,787 - INFO - Saved: docs/企业自建应用开发/服务端API/开发指南/开发前必读.mdx
2026-08-17 02:05:26,788 - INFO - Processing document: 基本概念介绍 (ID: 14953)
2026-08-17 02:05:27,072 - INFO - Saved: docs/企业自建应用开发/服务端API/开发指南/基本概念介绍.mdx
2026-08-17 02:05:28,073 - INFO - Processing document: 回调配置 (ID: 14961)
2026-08-17 02:05:28,372 - INFO - Saved: docs/企业自建应用开发/服务端API/开发指南/回调配置.mdx
2026-08-17 02:05:29,374 - INFO - Processing document: 获取access_token (ID: 15074)
2026-08-17 02:05:29,668 - INFO - Saved: docs/企业自建应用开发/服务端API/开发指南/获取access_token.mdx
2026-08-17 02:05:30,669 - INFO - Processing document: 获取企业微信接口IP段 (ID: 19995)
2026-08-17 02:05:30,958 - INFO - Saved: docs/企业自建应用开发/服务端API/开发指南/获取企业微信接口IP段.mdx
2026-08-17 02:05:31,959 - INFO - Processing document: 获取企业微信回调IP段 (ID: 19996)
2026-08-17 02:05:32,254 - INFO - Saved: docs/企业自建应用开发/服务端API/开发指南/获取企业微信回调IP段.mdx
2026-08-17 02:05:33,256 - INFO - Processing document: 概述 (ID: 15329)
2026-08-17 02:05:33,547 - INFO - Saved: docs/企业自建应用开发/服务端API/会话内容存档/概述.mdx
2026-08-17 02:05:34,548 - INFO - Processing document: 使用前帮助 (ID: 15330)
2026-08-17 02:05:34,825 - INFO - Saved: docs/企业自建应用开发/服务端API/会话内容存档/使用前帮助.mdx
2026-08-17 02:05:35,826 - INFO - Processing document: 开发案例演示 (ID: 16316)
2026-08-17 02:05:36,119 - INFO - Saved: docs/企业自建应用开发/服务端API/会话内容存档/开发案例演示.mdx
2026-08-17 02:05:37,120 - INFO - Processing document: 常见问题解答 (ID: 16318)
2026-08-17 02:05:37,408 - INFO - Saved: docs/企业自建应用开发/服务端API/会话内容存档/常见问题解答.mdx
2026-08-17 02:05:38,409 - INFO - Processing document: 获取会话内容存档开启成员列表 (ID: 16547)
2026-08-17 02:05:38,696 - INFO - Saved: docs/企业自建应用开发/服务端API/会话内容存档/获取会话内容存档开启成员列表.mdx
2026-08-17 02:05:39,698 - INFO - Processing document: 获取会话内容 (ID: 17312)
2026-08-17 02:05:40,427 - INFO - Saved: docs/企业自建应用开发/服务端API/会话内容存档/获取会话内容.mdx
2026-08-17 02:05:41,428 - INFO - Processing document: 获取会话同意情况 (ID: 17367)
2026-08-17 02:05:41,721 - INFO - Saved: docs/企业自建应用开发/服务端API/会话内容存档/获取会话同意情况.mdx
2026-08-17 02:05:42,723 - INFO - Processing document: 客户同意进行聊天内容存档事件回调 (ID: 18890)
2026-08-17 02:05:43,005 - INFO - Saved: docs/企业自建应用开发/服务端API/会话内容存档/客户同意进行聊天内容存档事件回调.mdx
2026-08-17 02:05:44,007 - INFO - Processing document: 获取会话内容存档内部群信息 (ID: 23100)
2026-08-17 02:05:44,289 - INFO - Saved: docs/企业自建应用开发/服务端API/会话内容存档/获取会话内容存档内部群信息.mdx
2026-08-17 02:05:45,290 - INFO - Processing document: 产生会话回调事件 (ID: 34444)
2026-08-17 02:05:45,581 - INFO - Saved: docs/企业自建应用开发/服务端API/会话内容存档/产生会话回调事件.mdx
2026-08-17 02:05:46,583 - INFO - Processing document: 概述 (ID: 16595)
2026-08-17 02:05:46,872 - INFO - Saved: docs/企业自建应用开发/服务端API/紧急通知应用/概述.mdx
2026-08-17 02:05:47,874 - INFO - Processing document: 发起语音电话 (ID: 16654)
2026-08-17 02:05:48,164 - INFO - Saved: docs/企业自建应用开发/服务端API/紧急通知应用/发起语音电话.mdx
2026-08-17 02:05:49,165 - INFO - Processing document: 获取接听状态 (ID: 16655)
2026-08-17 02:05:49,458 - INFO - Saved: docs/企业自建应用开发/服务端API/紧急通知应用/获取接听状态.mdx
2026-08-17 02:05:50,460 - INFO - Processing document: 概述 (ID: 16678)
2026-08-17 02:05:50,754 - INFO - Saved: docs/企业自建应用开发/服务端API/家校沟通/概述.mdx
2026-08-17 02:05:51,756 - INFO - Processing document: 获取访问用户身份 (ID: 16881)
2026-08-17 02:05:52,047 - INFO - Saved: docs/企业自建应用开发/服务端API/家校沟通/网页授权登录/获取访问用户身份.mdx
2026-08-17 02:05:53,048 - INFO - Processing document: 开始开发 (ID: 17911)
2026-08-17 02:05:53,348 - INFO - Saved: docs/企业自建应用开发/服务端API/家校沟通/网页授权登录/开始开发.mdx
2026-08-17 02:05:54,350 - INFO - Processing document: 构造网页授权链接 (ID: 17912)
2026-08-17 02:05:54,640 - INFO - Saved: docs/企业自建应用开发/服务端API/家校沟通/网页授权登录/构造网页授权链接.mdx
2026-08-17 02:05:55,641 - INFO - Processing document: 获取家校访问用户身份 (ID: 39090)
2026-08-17 02:05:55,926 - INFO - Saved: docs/企业自建应用开发/服务端API/家校沟通/网页授权登录/获取家校访问用户身份.mdx
2026-08-17 02:05:56,927 - INFO - Processing document: 成员变更事件 (ID: 18903)
2026-08-17 02:05:57,226 - INFO - Saved: docs/企业自建应用开发/服务端API/家校沟通/家校通讯录变更回调/成员变更事件.mdx
2026-08-17 02:05:58,227 - INFO - Processing document: 部门变更事件 (ID: 19031)
2026-08-17 02:05:58,520 - INFO - Saved: docs/企业自建应用开发/服务端API/家校沟通/家校通讯录变更回调/部门变更事件.mdx
2026-08-17 02:05:59,521 - INFO - Processing document: 管理「学校通知」的关注模式 (ID: 17929)
2026-08-17 02:05:59,815 - INFO - Saved: docs/企业自建应用开发/服务端API/家校沟通/基础接口/管理「学校通知」的关注模式.mdx
2026-08-17 02:06:00,817 - INFO - Processing document: 获取「学校通知」二维码 (ID: 17427)
2026-08-17 02:06:01,106 - INFO - Saved: docs/企业自建应用开发/服务端API/家校沟通/基础接口/获取「学校通知」二维码.mdx
2026-08-17 02:06:02,107 - INFO - Processing document: 发送「学校通知」 (ID: 16504)
2026-08-17 02:06:02,412 - INFO - Saved: docs/企业自建应用开发/服务端API/家校沟通/基础接口/发送「学校通知」.mdx
2026-08-17 02:06:03,413 - INFO - Processing document: 外部联系人openid转换 (ID: 18820)
2026-08-17 02:06:03,702 - INFO - Saved: docs/企业自建应用开发/服务端API/家校沟通/基础接口/外部联系人openid转换.mdx
2026-08-17 02:06:04,704 - INFO - Processing document: 管理「班级群创建方式」 (ID: 19804)
2026-08-17 02:06:04,994 - INFO - Saved: docs/企业自建应用开发/服务端API/家校沟通/基础接口/管理「班级群创建方式」.mdx
2026-08-17 02:06:05,995 - INFO - Processing document: 获取可使用的家长范围 (ID: 32243)
2026-08-17 02:06:06,290 - INFO - Saved: docs/企业自建应用开发/服务端API/家校沟通/基础接口/获取可使用的家长范围.mdx
2026-08-17 02:06:07,292 - INFO - Processing document: 创建学生 (ID: 18815)
2026-08-17 02:06:07,584 - INFO - Saved: docs/企业自建应用开发/服务端API/家校沟通/学生与家长管理/创建学生.mdx
2026-08-17 02:06:08,586 - INFO - Processing document: 删除学生 (ID: 18821)
2026-08-17 02:06:08,867 - INFO - Saved: docs/企业自建应用开发/服务端API/家校沟通/学生与家长管理/删除学生.mdx
2026-08-17 02:06:09,868 - INFO - Processing document: 更新学生 (ID: 18825)
2026-08-17 02:06:10,153 - INFO - Saved: docs/企业自建应用开发/服务端API/家校沟通/学生与家长管理/更新学生.mdx
2026-08-17 02:06:11,155 - INFO - Processing document: 批量创建学生 (ID: 18904)
2026-08-17 02:06:11,450 - INFO - Saved: docs/企业自建应用开发/服务端API/家校沟通/学生与家长管理/批量创建学生.mdx
2026-08-17 02:06:12,452 - INFO - Processing document: 批量删除学生 (ID: 18834)
2026-08-17 02:06:12,750 - INFO - Saved: docs/企业自建应用开发/服务端API/家校沟通/学生与家长管理/批量删除学生.mdx
2026-08-17 02:06:13,751 - INFO - Processing document: 批量更新学生 (ID: 18911)
2026-08-17 02:06:14,043 - INFO - Saved: docs/企业自建应用开发/服务端API/家校沟通/学生与家长管理/批量更新学生.mdx
2026-08-17 02:06:15,045 - INFO - Processing document: 创建家长 (ID: 19143)
2026-08-17 02:06:15,328 - INFO - Saved: docs/企业自建应用开发/服务端API/家校沟通/学生与家长管理/创建家长.mdx
2026-08-17 02:06:16,329 - INFO - Processing document: 删除家长 (ID: 19151)
2026-08-17 02:06:16,611 - INFO - Saved: docs/企业自建应用开发/服务端API/家校沟通/学生与家长管理/删除家长.mdx
2026-08-17 02:06:17,612 - INFO - Processing document: 更新家长 (ID: 19181)
2026-08-17 02:06:17,900 - INFO - Saved: docs/企业自建应用开发/服务端API/家校沟通/学生与家长管理/更新家长.mdx
2026-08-17 02:06:18,902 - INFO - Processing document: 批量创建家长 (ID: 19145)
2026-08-17 02:06:19,196 - INFO - Saved: docs/企业自建应用开发/服务端API/家校沟通/学生与家长管理/批量创建家长.mdx
2026-08-17 02:06:20,198 - INFO - Processing document: 批量删除家长 (ID: 19153)
2026-08-17 02:06:20,483 - INFO - Saved: docs/企业自建应用开发/服务端API/家校沟通/学生与家长管理/批量删除家长.mdx
2026-08-17 02:06:21,484 - INFO - Processing document: 批量更新家长 (ID: 19149)
2026-08-17 02:06:21,771 - INFO - Saved: docs/企业自建应用开发/服务端API/家校沟通/学生与家长管理/批量更新家长.mdx
2026-08-17 02:06:22,773 - INFO - Processing document: 读取学生或家长 (ID: 18819)
2026-08-17 02:06:23,077 - INFO - Saved: docs/企业自建应用开发/服务端API/家校沟通/学生与家长管理/读取学生或家长.mdx
2026-08-17 02:06:24,078 - INFO - Processing document: 获取部门学生详情 (ID: 18835)
2026-08-17 02:06:24,375 - INFO - Saved: docs/企业自建应用开发/服务端API/家校沟通/学生与家长管理/获取部门学生详情.mdx
2026-08-17 02:06:25,377 - INFO - Processing document: 设置家校通讯录自动同步模式 (ID: 19139)
2026-08-17 02:06:25,651 - INFO - Saved: docs/企业自建应用开发/服务端API/家校沟通/学生与家长管理/设置家校通讯录自动同步模式.mdx
2026-08-17 02:06:26,653 - INFO - Processing document: 获取部门家长详情 (ID: 19870)
2026-08-17 02:06:26,943 - INFO - Saved: docs/企业自建应用开发/服务端API/家校沟通/学生与家长管理/获取部门家长详情.mdx
2026-08-17 02:06:27,944 - INFO - Processing document: 创建部门 (ID: 18816)
2026-08-17 02:06:28,234 - INFO - Saved: docs/企业自建应用开发/服务端API/家校沟通/部门管理/创建部门.mdx
2026-08-17 02:06:29,236 - INFO - Processing document: 更新部门 (ID: 18837)
2026-08-17 02:06:29,524 - INFO - Saved: docs/企业自建应用开发/服务端API/家校沟通/部门管理/更新部门.mdx
2026-08-17 02:06:30,525 - INFO - Processing document: 删除部门 (ID: 18839)
Traceback (most recent call last):
  File "/home/runner/work/weworkdoc/weworkdoc/wework_doc_crawler.py", line 290, in <module>
    crawler.run()
  File "/home/runner/work/weworkdoc/weworkdoc/wework_doc_crawler.py", line 283, in run
    self.crawl_tree(tree)
  File "/home/runner/work/weworkdoc/weworkdoc/wework_doc_crawler.py", line 260, in crawl_tree
    self.crawl_tree(node['children'], current_path)
  File "/home/runner/work/weworkdoc/weworkdoc/wework_doc_crawler.py", line 260, in crawl_tree
    self.crawl_tree(node['children'], current_path)
  File "/home/runner/work/weworkdoc/weworkdoc/wework_doc_crawler.py", line 260, in crawl_tree
    self.crawl_tree(node['children'], current_path)
  [Previous line repeated 1 more time]
  File "/home/runner/work/weworkdoc/weworkdoc/wework_doc_crawler.py", line 254, in crawl_tree
    raise Exception("No data found in the response")
Exception: No data found in the response
